<title>Vdbench output/config.html</title><pre>
Output from script /home/jwalit/Downloads/Assignment-4/vdbench/linux/config.sh: 

Sunday 13 November 2022 10:23:33 PM IST
>>>>>uname -a
Linux jwalit 5.18.0-kali5-amd64 #1 SMP PREEMPT_DYNAMIC Debian 5.18.5-1kali6 (2022-07-07) x86_64 GNU/Linux
Sunday 13 November 2022 10:23:33 PM IST
>>>>>ifconfig -a
eth0: flags=4163<UP,BROADCAST,RUNNING,MULTICAST>  mtu 1500
        inet 10.19.0.19  netmask 255.255.254.0  broadcast 10.19.1.255
        inet6 fe80::2ca9:46c:74d4:ce00  prefixlen 64  scopeid 0x20<link>
        ether 00:0e:09:87:68:f3  txqueuelen 1000  (Ethernet)
        RX packets 261137  bytes 326159974 (311.0 MiB)
        RX errors 0  dropped 7  overruns 0  frame 0
        TX packets 138612  bytes 16229629 (15.4 MiB)
        TX errors 0  dropped 0 overruns 0  carrier 0  collisions 0

lo: flags=73<UP,LOOPBACK,RUNNING>  mtu 65536
        inet 127.0.0.1  netmask 255.0.0.0
        inet6 ::1  prefixlen 128  scopeid 0x10<host>
        loop  txqueuelen 1000  (Local Loopback)
        RX packets 1813  bytes 286821 (280.0 KiB)
        RX errors 0  dropped 0  overruns 0  frame 0
        TX packets 1813  bytes 286821 (280.0 KiB)
        TX errors 0  dropped 0 overruns 0  carrier 0  collisions 0

wlan0: flags=4163<UP,BROADCAST,RUNNING,MULTICAST>  mtu 1500
        inet 10.42.0.1  netmask 255.255.255.0  broadcast 10.42.0.255
        inet6 fe80::2539:3917:19fa:3272  prefixlen 64  scopeid 0x20<link>
        ether 64:6c:80:c3:f5:a1  txqueuelen 1000  (Ethernet)
        RX packets 54702  bytes 7010296 (6.6 MiB)
        RX errors 0  dropped 2  overruns 0  frame 0
        TX packets 113609  bytes 150074622 (143.1 MiB)
        TX errors 0  dropped 0 overruns 0  carrier 0  collisions 0

Sunday 13 November 2022 10:23:33 PM IST
>>>>>id
uid=0(root) gid=0(root) groups=0(root)
Sunday 13 November 2022 10:23:33 PM IST
>>>>>mount
sysfs on /sys type sysfs (rw,nosuid,nodev,noexec,relatime)
proc on /proc type proc (rw,nosuid,nodev,noexec,relatime)
udev on /dev type devtmpfs (rw,nosuid,relatime,size=3897552k,nr_inodes=974388,mode=755,inode64)
devpts on /dev/pts type devpts (rw,nosuid,noexec,relatime,gid=5,mode=620,ptmxmode=000)
tmpfs on /run type tmpfs (rw,nosuid,nodev,noexec,relatime,size=786716k,mode=755,inode64)
/dev/nvme0n1p9 on / type ext4 (rw,relatime,errors=remount-ro)
securityfs on /sys/kernel/security type securityfs (rw,nosuid,nodev,noexec,relatime)
tmpfs on /dev/shm type tmpfs (rw,nosuid,nodev,inode64)
tmpfs on /run/lock type tmpfs (rw,nosuid,nodev,noexec,relatime,size=5120k,inode64)
cgroup2 on /sys/fs/cgroup type cgroup2 (rw,nosuid,nodev,noexec,relatime,nsdelegate,memory_recursiveprot)
pstore on /sys/fs/pstore type pstore (rw,nosuid,nodev,noexec,relatime)
efivarfs on /sys/firmware/efi/efivars type efivarfs (rw,nosuid,nodev,noexec,relatime)
bpf on /sys/fs/bpf type bpf (rw,nosuid,nodev,noexec,relatime,mode=700)
systemd-1 on /proc/sys/fs/binfmt_misc type autofs (rw,relatime,fd=29,pgrp=1,timeout=0,minproto=5,maxproto=5,direct,pipe_ino=14151)
mqueue on /dev/mqueue type mqueue (rw,nosuid,nodev,noexec,relatime)
hugetlbfs on /dev/hugepages type hugetlbfs (rw,relatime,pagesize=2M)
debugfs on /sys/kernel/debug type debugfs (rw,nosuid,nodev,noexec,relatime)
tracefs on /sys/kernel/tracing type tracefs (rw,nosuid,nodev,noexec,relatime)
fusectl on /sys/fs/fuse/connections type fusectl (rw,nosuid,nodev,noexec,relatime)
configfs on /sys/kernel/config type configfs (rw,nosuid,nodev,noexec,relatime)
ramfs on /run/credentials/systemd-sysusers.service type ramfs (ro,nosuid,nodev,noexec,relatime,mode=700)
/dev/nvme0n1p7 on /boot type ext4 (rw,relatime)
/dev/nvme0n1p1 on /boot/efi type vfat (rw,relatime,fmask=0077,dmask=0077,codepage=437,iocharset=ascii,shortname=mixed,utf8,errors=remount-ro)
binfmt_misc on /proc/sys/fs/binfmt_misc type binfmt_misc (rw,nosuid,nodev,noexec,relatime)
sunrpc on /run/rpc_pipefs type rpc_pipefs (rw,relatime)
tmpfs on /run/user/1000 type tmpfs (rw,nosuid,nodev,relatime,size=786716k,nr_inodes=196679,mode=700,uid=1000,gid=1000,inode64)
gvfsd-fuse on /run/user/1000/gvfs type fuse.gvfsd-fuse (rw,nosuid,nodev,relatime,user_id=1000,group_id=1000)
/dev/sda1 on /media/jwalit/soham type exfat (rw,nosuid,nodev,relatime,uid=1000,gid=1000,fmask=0022,dmask=0022,iocharset=utf8,errors=remount-ro,uhelper=udisks2)
portal on /run/user/1000/doc type fuse.portal (rw,nosuid,nodev,relatime,user_id=1000,group_id=1000)
kstat on /zfs-kstat type fuse (rw,nosuid,nodev,relatime,user_id=0,group_id=0,allow_other)
gr14 on /gr14 type fuse.zfs (rw,relatime,user_id=0,group_id=0,default_permissions,allow_other)
Sunday 13 November 2022 10:23:33 PM IST
>>>>>memory
MemTotal:        7867160 kB
MemFree:         1070684 kB
MemAvailable:    3237248 kB
Buffers:          113036 kB
Cached:          3176464 kB
SwapCached:            0 kB
Active:          1222268 kB
Inactive:        4367796 kB
Active(anon):       2800 kB
Inactive(anon):  3250992 kB
Active(file):    1219468 kB
Inactive(file):  1116804 kB
Unevictable:      686156 kB
Mlocked:               0 kB
SwapTotal:       7812092 kB
SwapFree:        7812092 kB
Dirty:               720 kB
Writeback:             0 kB
AnonPages:       2917408 kB
Mapped:           714848 kB
Shmem:            953228 kB
KReclaimable:     112284 kB
Slab:             234396 kB
SReclaimable:     112284 kB
SUnreclaim:       122112 kB
KernelStack:       19068 kB
PageTables:        37444 kB
NFS_Unstable:          0 kB
Bounce:                0 kB
WritebackTmp:          0 kB
CommitLimit:    11745672 kB
Committed_AS:    9552488 kB
VmallocTotal:   34359738367 kB
VmallocUsed:       52308 kB
VmallocChunk:          0 kB
Percpu:             8608 kB
HardwareCorrupted:     0 kB
AnonHugePages:    815104 kB
ShmemHugePages:   632832 kB
ShmemPmdMapped:        0 kB
FileHugePages:         0 kB
FilePmdMapped:         0 kB
HugePages_Total:       0
HugePages_Free:        0
HugePages_Rsvd:        0
HugePages_Surp:        0
Hugepagesize:       2048 kB
Hugetlb:               0 kB
DirectMap4k:      240816 kB
DirectMap2M:     5771264 kB
DirectMap1G:     3145728 kB
               total        used        free      shared  buff/cache   available
Mem:         7867160     3394944     1070432      953228     3401784     3236996
Low:         7867160     6796728     1070432
High:              0           0           0
Swap:        7812092           0     7812092
Sunday 13 November 2022 10:23:33 PM IST
>>>>>ps -ef | grep -i vdb
root        9520    8869  0 22:23 pts/1    00:00:00 sudo ./vdbench -f workload1 anchor=/mnt
root        9521    9520  0 22:23 pts/2    00:00:00 sudo ./vdbench -f workload1 anchor=/mnt
root        9522    9521  0 22:23 pts/2    00:00:00 /bin/bash ./vdbench -f workload1 anchor=/mnt
root        9524    9522  0 22:23 pts/2    00:00:00 java -client -Xmx512m -Xms64m -cp ./:./classes:./vdbench.jar Vdb.Vdbmain -f workload1 anchor=/mnt
root        9552    9524  0 22:23 pts/2    00:00:00 /bin/bash /home/jwalit/Downloads/Assignment-4/vdbench/vdbench SlaveJvm -m localhost -n localhost-10-221113-22.23.33.190 -l localhost-0 -p 5570
root        9556    9552  0 22:23 pts/2    00:00:00 java -client -Xmx1024m -Xms128m -cp /home/jwalit/Downloads/Assignment-4/vdbench/:/home/jwalit/Downloads/Assignment-4/vdbench/classes:/home/jwalit/Downloads/Assignment-4/vdbench/vdbench.jar Vdb.SlaveJvm SlaveJvm -m localhost -n localhost-10-221113-22.23.33.190 -l localhost-0 -p 5570
root        9595    9524  0 22:23 pts/2    00:00:00 /bin/bash /home/jwalit/Downloads/Assignment-4/vdbench/linux/config.sh -o /home/jwalit/Downloads/Assignment-4/vdbench/output localhost
root        9611    9595  0 22:23 pts/2    00:00:00 grep -i vdb

